{
    "appLang": null,
    "countryIp": "United Kingdom",
    "countryCodeIp": "GB",
    "cityIp": "London"
}
