{
    "appLang": "ar",
    "countryIp": "United States",
    "countryCodeIp": "US",
    "cityIp": "New Haven"
}
