{
    "appLang": "ar",
    "countryIp": "United Kingdom",
    "countryCodeIp": "GB",
    "cityIp": "London"
}
